<html>
<body>
<pre>
<h1>µVision Build Log</h1>
<h2>Project:</h2>
Z:\SignalGenie\git\src\SignalGenie.uvproj
Project File Date:  12/19/2024

<h2>Output:</h2>
Build target 'SignalGenie'
assembling Startup.s...
compiling taskCapture.c...
compiling taskGenerate.c...
compiling taskPlot.c...
compiling taskTerminal.c...
compiling KS0108.c...
compiling ADC.c...
compiling DAC.c...
compiling GPIO.c...
compiling UART.c...
assembling portASM.s...
linking...
Program Size: Code=19500 RO-data=32 RW-data=108 ZI-data=15156  
FromELF: creating hex file...
".\SignalGenie.axf" - 0 Error(s), 0 Warning(s).
 warnings, 0 errors
compiling DAC.c...
compiling GPIO.c...
compiling UART.c...
assembling portASM.s...
linking...
Program Size: Code=19500 RO-data=32 RW-data=108 ZI-data=15156  
FromELF: creating hex file...
".\SignalGenie.axf" - 0 Error(s), 2 Warning(s).
ling portASM.s...
".\SignalGenie.axf" - 1 Error(s), 2 Warning(s).
Target not created

MCAL\ADC.c: 2 warnings, 0 errors
compiling DAC.c...
compiling GPIO.c...
compiling UART.c...
assembling portASM.s...
".\SignalGenie.axf" - 2 Error(s), 2 Warning(s).
Target not created
